src/components/StrategyGuide.tsx(1,18): error TS6133: 'Target' is declared but its value is never read.
